2025-07-02 19:56:00 | DEBUG | repo=a4m36jee-2014-clustering-seminar | action=commit
2025-04-18 15:38:00 | INFO | repo=a4m36jee-2014-clustering-seminar | action=commit
2025-02-18 08:55:00 | DEBUG | repo=a4m36jee-2014-clustering-seminar | action=commit
2025-06-08 19:53:00 | DEBUG | repo=a4m36jee-2014-clustering-seminar | action=commit
2025-12-23 08:36:00 | WARN | repo=a4m36jee-2014-clustering-seminar | action=commit
2025-10-03 18:04:00 | WARN | repo=a4m36jee-2014-clustering-seminar | action=test | passed=true
2025-09-20 18:46:00 | INFO | repo=a4m36jee-2014-clustering-seminar | action=commit
2025-02-06 20:14:00 | INFO | repo=a4m36jee-2014-clustering-seminar | action=commit
2025-11-13 11:57:00 | INFO | repo=a4m36jee-2014-clustering-seminar | action=commit
2025-03-23 16:58:00 | WARN | repo=a4m36jee-2014-clustering-seminar | action=test | passed=true
2025-10-26 10:16:00 | WARN | repo=a4m36jee-2014-clustering-seminar | action=commit
2025-12-08 07:00:00 | INFO | repo=a4m36jee-2014-clustering-seminar | action=test | passed=true
2025-06-06 20:44:00 | DEBUG | repo=a4m36jee-2014-clustering-seminar | action=commit
2025-12-11 07:27:00 | WARN | repo=a4m36jee-2014-clustering-seminar | action=commit
2025-06-07 19:50:00 | DEBUG | repo=a4m36jee-2014-clustering-seminar | action=pull
2025-10-15 20:57:00 | DEBUG | repo=a4m36jee-2014-clustering-seminar | action=commit
2025-02-11 11:16:00 | DEBUG | repo=a4m36jee-2014-clustering-seminar | action=commit
2025-03-18 08:27:00 | DEBUG | repo=a4m36jee-2014-clustering-seminar | action=commit
2025-01-09 21:09:00 | WARN | repo=a4m36jee-2014-clustering-seminar | action=pull
2025-07-15 20:55:00 | WARN | repo=a4m36jee-2014-clustering-seminar | action=test | passed=true
2025-05-04 09:04:00 | INFO | repo=a4m36jee-2014-clustering-seminar | action=commit
2025-05-01 07:23:00 | INFO | repo=a4m36jee-2014-clustering-seminar | action=test | passed=true
2025-11-15 07:43:00 | DEBUG | repo=a4m36jee-2014-clustering-seminar | action=commit
2025-07-07 11:05:00 | DEBUG | repo=a4m36jee-2014-clustering-seminar | action=commit
2025-08-12 13:04:00 | INFO | repo=a4m36jee-2014-clustering-seminar | action=commit
2025-08-06 10:27:00 | WARN | repo=a4m36jee-2014-clustering-seminar | action=commit
2025-04-04 20:38:00 | DEBUG | repo=a4m36jee-2014-clustering-seminar | action=pull
2025-10-01 20:57:00 | DEBUG | repo=a4m36jee-2014-clustering-seminar | action=commit
2025-03-16 18:14:00 | WARN | repo=a4m36jee-2014-clustering-seminar | action=commit
2025-05-10 08:05:00 | INFO | repo=a4m36jee-2014-clustering-seminar | action=commit
2025-09-20 20:46:00 | INFO | repo=a4m36jee-2014-clustering-seminar | action=commit
2025-09-02 20:53:00 | WARN | repo=a4m36jee-2014-clustering-seminar | action=commit
2025-12-02 11:47:00 | WARN | repo=a4m36jee-2014-clustering-seminar | action=commit
2025-03-12 07:30:00 | WARN | repo=a4m36jee-2014-clustering-seminar | action=commit
2025-04-08 15:16:00 | DEBUG | repo=a4m36jee-2014-clustering-seminar | action=commit
2025-11-08 20:29:00 | INFO | repo=a4m36jee-2014-clustering-seminar | action=commit
2025-01-21 14:29:00 | WARN | repo=a4m36jee-2014-clustering-seminar | action=pull
2025-02-26 20:44:00 | INFO | repo=a4m36jee-2014-clustering-seminar | action=commit
2025-02-04 16:46:00 | INFO | repo=a4m36jee-2014-clustering-seminar | action=commit
2025-01-26 20:09:00 | DEBUG | repo=a4m36jee-2014-clustering-seminar | action=commit
2025-07-11 19:07:00 | INFO | repo=a4m36jee-2014-clustering-seminar | action=commit
2025-04-26 13:28:00 | DEBUG | repo=a4m36jee-2014-clustering-seminar | action=commit
2025-06-28 17:26:00 | WARN | repo=a4m36jee-2014-clustering-seminar | action=commit
2025-09-18 10:33:00 | INFO | repo=a4m36jee-2014-clustering-seminar | action=commit
2025-06-15 20:08:00 | INFO | repo=a4m36jee-2014-clustering-seminar | action=commit
2025-11-17 19:27:00 | WARN | repo=a4m36jee-2014-clustering-seminar | action=commit
2025-02-07 17:44:00 | WARN | repo=a4m36jee-2014-clustering-seminar | action=commit
2025-04-05 20:16:00 | WARN | repo=a4m36jee-2014-clustering-seminar | action=commit
2025-08-08 14:29:00 | INFO | repo=a4m36jee-2014-clustering-seminar | action=pull
2025-10-21 07:47:00 | INFO | repo=a4m36jee-2014-clustering-seminar | action=pull
2025-09-25 19:57:00 | INFO | repo=a4m36jee-2014-clustering-seminar | action=commit
2025-07-04 21:32:00 | INFO | repo=a4m36jee-2014-clustering-seminar | action=commit
2025-04-07 12:01:00 | DEBUG | repo=a4m36jee-2014-clustering-seminar | action=commit
2025-11-16 19:40:00 | INFO | repo=a4m36jee-2014-clustering-seminar | action=commit
2025-07-18 18:31:00 | INFO | repo=a4m36jee-2014-clustering-seminar | action=edit | files=5
2025-06-07 08:23:00 | DEBUG | repo=a4m36jee-2014-clustering-seminar | action=commit
2025-10-19 10:41:00 | WARN | repo=a4m36jee-2014-clustering-seminar | action=test | passed=true
2025-06-22 10:15:00 | INFO | repo=a4m36jee-2014-clustering-seminar | action=commit
